▿ Image
  - accessibility: Optional<Accessibility>.none
  ▿ appearance: Optional<Appearance>
    ▿ some: Appearance
      ▿ backgroundColor: Optional<String>
        - some: "#0000FF80"
      ▿ cornerRadius: Optional<CornerRadius>
        ▿ some: CornerRadius
          - radius: 30.0
  ▿ contentMode: Optional<ImageContentMode>
    - some: ImageContentMode.center
  - flex: Optional<Flex>.none
  - id: Optional<String>.none
  - name: "test_image_square-x"
