▿ WebView
  - url: "https://maps.google.com/"
  ▿ widgetProperties: WidgetProperties
    - accessibility: Optional<Accessibility>.none
    - id: Optional<String>.none
    ▿ style: Optional<Style>
      ▿ some: Style
        - backgroundColor: Optional<String>.none
        - cornerRadius: Optional<CornerRadius>.none
        - direction: Optional<Direction>.none
        - display: Optional<Display>.none
        ▿ flex: Optional<Flex>
          ▿ some: Flex
            - alignContent: Optional<Alignment>.none
            - alignItems: Optional<Alignment>.none
            - alignSelf: Optional<Alignment>.none
            - basis: Optional<UnitValue>.none
            - flex: Optional<Double>.none
            - flexDirection: Optional<FlexDirection>.none
            - flexWrap: Optional<Wrap>.none
            ▿ grow: Optional<Double>
              - some: 1.0
            - justifyContent: Optional<JustifyContent>.none
            - positionType: Optional<PositionType>.none
            - shrink: Optional<Double>.none
        - margin: Optional<EdgeValue>.none
        - padding: Optional<EdgeValue>.none
        - position: Optional<EdgeValue>.none
        - size: Optional<Size>.none
