▿ PageView
  ▿ pageIndicator: Optional<PageIndicatorComponent>
    ▿ some: PageIndicator
      - selectedColor: Optional<String>.none
      - unselectedColor: Optional<String>.none
  ▿ pages: 3 elements
    ▿ Container
      ▿ children: 3 elements
        ▿ Text
          - alignment: Optional<Alignment>.none
          - styleId: Optional<String>.none
          - text: "1 This is a text"
          - textColor: Optional<String>.none
          ▿ widgetProperties: WidgetProperties
            - accessibility: Optional<Accessibility>.none
            - id: Optional<String>.none
            - style: Optional<Style>.none
        ▿ Text
          - alignment: Optional<Alignment>.none
          - styleId: Optional<String>.none
          - text: "This is a text"
          - textColor: Optional<String>.none
          ▿ widgetProperties: WidgetProperties
            - accessibility: Optional<Accessibility>.none
            - id: Optional<String>.none
            - style: Optional<Style>.none
        ▿ Text
          - alignment: Optional<Alignment>.none
          - styleId: Optional<String>.none
          - text: "This is a text"
          - textColor: Optional<String>.none
          ▿ widgetProperties: WidgetProperties
            - accessibility: Optional<Accessibility>.none
            - id: Optional<String>.none
            - style: Optional<Style>.none
      ▿ widgetProperties: WidgetProperties
        - accessibility: Optional<Accessibility>.none
        - id: Optional<String>.none
        ▿ style: Optional<Style>
          ▿ some: Style
            - backgroundColor: Optional<String>.none
            - cornerRadius: Optional<CornerRadius>.none
            - direction: Optional<Direction>.none
            - display: Optional<Display>.none
            ▿ flex: Optional<Flex>
              ▿ some: Flex
                - alignContent: Optional<Alignment>.none
                - alignItems: Optional<Alignment>.none
                - alignSelf: Optional<Alignment>.none
                - basis: Optional<UnitValue>.none
                - flex: Optional<Double>.none
                ▿ flexDirection: Optional<FlexDirection>
                  - some: FlexDirection.column
                ▿ flexWrap: Optional<Wrap>
                  - some: Wrap.noWrap
                - grow: Optional<Double>.none
                ▿ justifyContent: Optional<JustifyContent>
                  - some: JustifyContent.spaceAround
                - positionType: Optional<PositionType>.none
                - shrink: Optional<Double>.none
            - margin: Optional<EdgeValue>.none
            - padding: Optional<EdgeValue>.none
            - position: Optional<EdgeValue>.none
            - size: Optional<Size>.none
    ▿ Container
      ▿ children: 3 elements
        ▿ Text
          - alignment: Optional<Alignment>.none
          - styleId: Optional<String>.none
          - text: "2 This is a text"
          - textColor: Optional<String>.none
          ▿ widgetProperties: WidgetProperties
            - accessibility: Optional<Accessibility>.none
            - id: Optional<String>.none
            - style: Optional<Style>.none
        ▿ Text
          - alignment: Optional<Alignment>.none
          - styleId: Optional<String>.none
          - text: "This is a text"
          - textColor: Optional<String>.none
          ▿ widgetProperties: WidgetProperties
            - accessibility: Optional<Accessibility>.none
            - id: Optional<String>.none
            - style: Optional<Style>.none
        ▿ Text
          - alignment: Optional<Alignment>.none
          - styleId: Optional<String>.none
          - text: "This is a text"
          - textColor: Optional<String>.none
          ▿ widgetProperties: WidgetProperties
            - accessibility: Optional<Accessibility>.none
            - id: Optional<String>.none
            - style: Optional<Style>.none
      ▿ widgetProperties: WidgetProperties
        - accessibility: Optional<Accessibility>.none
        - id: Optional<String>.none
        ▿ style: Optional<Style>
          ▿ some: Style
            - backgroundColor: Optional<String>.none
            - cornerRadius: Optional<CornerRadius>.none
            - direction: Optional<Direction>.none
            - display: Optional<Display>.none
            ▿ flex: Optional<Flex>
              ▿ some: Flex
                - alignContent: Optional<Alignment>.none
                - alignItems: Optional<Alignment>.none
                - alignSelf: Optional<Alignment>.none
                - basis: Optional<UnitValue>.none
                - flex: Optional<Double>.none
                ▿ flexDirection: Optional<FlexDirection>
                  - some: FlexDirection.column
                ▿ flexWrap: Optional<Wrap>
                  - some: Wrap.noWrap
                - grow: Optional<Double>.none
                ▿ justifyContent: Optional<JustifyContent>
                  - some: JustifyContent.spaceAround
                - positionType: Optional<PositionType>.none
                - shrink: Optional<Double>.none
            - margin: Optional<EdgeValue>.none
            - padding: Optional<EdgeValue>.none
            - position: Optional<EdgeValue>.none
            - size: Optional<Size>.none
    ▿ Container
      ▿ children: 3 elements
        ▿ Text
          - alignment: Optional<Alignment>.none
          - styleId: Optional<String>.none
          - text: "3 This is a text"
          - textColor: Optional<String>.none
          ▿ widgetProperties: WidgetProperties
            - accessibility: Optional<Accessibility>.none
            - id: Optional<String>.none
            - style: Optional<Style>.none
        ▿ Text
          - alignment: Optional<Alignment>.none
          - styleId: Optional<String>.none
          - text: "This is a text"
          - textColor: Optional<String>.none
          ▿ widgetProperties: WidgetProperties
            - accessibility: Optional<Accessibility>.none
            - id: Optional<String>.none
            - style: Optional<Style>.none
        ▿ Text
          - alignment: Optional<Alignment>.none
          - styleId: Optional<String>.none
          - text: "This is a text"
          - textColor: Optional<String>.none
          ▿ widgetProperties: WidgetProperties
            - accessibility: Optional<Accessibility>.none
            - id: Optional<String>.none
            - style: Optional<Style>.none
      ▿ widgetProperties: WidgetProperties
        - accessibility: Optional<Accessibility>.none
        - id: Optional<String>.none
        ▿ style: Optional<Style>
          ▿ some: Style
            - backgroundColor: Optional<String>.none
            - cornerRadius: Optional<CornerRadius>.none
            - direction: Optional<Direction>.none
            - display: Optional<Display>.none
            ▿ flex: Optional<Flex>
              ▿ some: Flex
                - alignContent: Optional<Alignment>.none
                - alignItems: Optional<Alignment>.none
                - alignSelf: Optional<Alignment>.none
                - basis: Optional<UnitValue>.none
                - flex: Optional<Double>.none
                ▿ flexDirection: Optional<FlexDirection>
                  - some: FlexDirection.column
                ▿ flexWrap: Optional<Wrap>
                  - some: Wrap.noWrap
                - grow: Optional<Double>.none
                ▿ justifyContent: Optional<JustifyContent>
                  - some: JustifyContent.spaceAround
                - positionType: Optional<PositionType>.none
                - shrink: Optional<Double>.none
            - margin: Optional<EdgeValue>.none
            - padding: Optional<EdgeValue>.none
            - position: Optional<EdgeValue>.none
            - size: Optional<Size>.none
