▿ ListView
  ▿ children: 3 elements
    ▿ Text
      - accessibility: Optional<Accessibility>.none
      - alignment: Optional<Alignment>.none
      - appearance: Optional<Appearance>.none
      - flex: Optional<Flex>.none
      - id: Optional<String>.none
      - style: Optional<String>.none
      - text: "text1"
      - textColor: Optional<String>.none
    ▿ Text
      - accessibility: Optional<Accessibility>.none
      - alignment: Optional<Alignment>.none
      - appearance: Optional<Appearance>.none
      - flex: Optional<Flex>.none
      - id: Optional<String>.none
      - style: Optional<String>.none
      - text: "text2"
      - textColor: Optional<String>.none
    ▿ Text
      - accessibility: Optional<Accessibility>.none
      - alignment: Optional<Alignment>.none
      - appearance: Optional<Appearance>.none
      - flex: Optional<Flex>.none
      - id: Optional<String>.none
      - style: Optional<String>.none
      - text: "text3"
      - textColor: Optional<String>.none
  - direction: Direction.vertical
