▿ TabView
  ▿ children: 1 element
    ▿ TabItem
      ▿ child: Container
        - accessibility: Optional<Accessibility>.none
        - appearance: Optional<Appearance>.none
        ▿ children: 3 elements
          ▿ Text
            - accessibility: Optional<Accessibility>.none
            - alignment: Optional<Alignment>.none
            - appearance: Optional<Appearance>.none
            - flex: Optional<Flex>.none
            - id: Optional<String>.none
            - style: Optional<String>.none
            - text: "1 This is a text"
            - textColor: Optional<String>.none
          ▿ Text
            - accessibility: Optional<Accessibility>.none
            - alignment: Optional<Alignment>.none
            - appearance: Optional<Appearance>.none
            - flex: Optional<Flex>.none
            - id: Optional<String>.none
            - style: Optional<String>.none
            - text: "This is a text"
            - textColor: Optional<String>.none
          ▿ Text
            - accessibility: Optional<Accessibility>.none
            - alignment: Optional<Alignment>.none
            - appearance: Optional<Appearance>.none
            - flex: Optional<Flex>.none
            - id: Optional<String>.none
            - style: Optional<String>.none
            - text: "This is a text"
            - textColor: Optional<String>.none
        ▿ flex: Optional<Flex>
          ▿ some: Flex
            - alignContent: Optional<Alignment>.none
            - alignItems: Optional<Alignment>.none
            - alignSelf: Optional<Alignment>.none
            - basis: Optional<UnitValue>.none
            - direction: Optional<Direction>.none
            - display: Optional<Display>.none
            - flex: Optional<Double>.none
            ▿ flexDirection: Optional<FlexDirection>
              - some: FlexDirection.column
            ▿ flexWrap: Optional<Wrap>
              - some: Wrap.noWrap
            - grow: Optional<Double>.none
            ▿ justifyContent: Optional<JustifyContent>
              - some: JustifyContent.spaceAround
            - margin: Optional<EdgeValue>.none
            - padding: Optional<EdgeValue>.none
            - position: Optional<EdgeValue>.none
            - positionType: Optional<PositionType>.none
            - shrink: Optional<Double>.none
            - size: Optional<Size>.none
        - id: Optional<String>.none
      ▿ icon: Optional<String>
        - some: "beagle"
      ▿ title: Optional<String>
        - some: "tab 1"
  - style: Optional<String>.none
