▿ Flex
  ▿ alignContent: Optional<Alignment>
    - some: Alignment.center
  ▿ alignItems: Optional<Alignment>
    - some: Alignment.center
  ▿ alignSelf: Optional<Alignment>
    - some: Alignment.center
  ▿ basis: Optional<UnitValue>
    ▿ some: UnitValue
      - type: UnitType.real
      - value: 10.0
  ▿ flex: Optional<Double>
    - some: 2.0
  ▿ flexDirection: Optional<FlexDirection>
    - some: FlexDirection.column
  ▿ flexWrap: Optional<Wrap>
    - some: Wrap.noWrap
  ▿ grow: Optional<Double>
    - some: 3.0
  ▿ justifyContent: Optional<JustifyContent>
    - some: JustifyContent.spaceBetween
  ▿ positionType: Optional<PositionType>
    - some: PositionType.absolute
  ▿ shrink: Optional<Double>
    - some: 0.0
