▿ 8 elements
  ▿ Optional<Any>
    ▿ some: 2 key/value pairs
      ▿ (2 elements)
        - key: "first"
        - value: "John"
      ▿ (2 elements)
        - key: "last"
        - value: "Doe"
  ▿ Optional<Any>
    - some: "John"
  - Optional<Any>.none
  ▿ Optional<Any>
    - some: "111-1111-1111"
  ▿ Optional<Any>
    - some: 1
  ▿ Optional<Any>
    - some: 5.5
  ▿ Optional<Any>
    - some: true
  - Optional<Any>.none
